node.exe : npm warn Unknown project config "public-hoist-pattern". 
This will stop working in the next major version of npm. See `npm 
help npmrc` for supported config options.
At line:1 char:1
+ & "C:\Program Files\nodejs/node.exe" "C:\Program 
Files\nodejs/node_mo ...
+ ~~~~~~~~~~~~~~~~~~~~~~~~~~~~~~~~~~~~~~~~~~~~~~~~~~~~~~~~~~~~~~~~~
~~~~
    + CategoryInfo          : NotSpecified: (npm warn Unknow...con 
   fig options.:String) [], RemoteException
    + FullyQualifiedErrorId : NativeCommandError
 

> build
> vite build

[36mvite v7.3.1 [32mbuilding client environment for production...[36m[39m
[plugin @laravel/vite-plugin-wayfinder] Types generated for actions, routes, form variants
transforming...
[32mΓ£ô[39m 9640 modules transformed.
[31mΓ£ù[39m Build failed in 7.66s
[31merror during build:
[31mresources/js/pages/admin/products/Form.tsx (10:9): "IconSave" 
is not exported by "node_modules/@tabler/icons-react/dist/esm/table
r-icons-react.mjs", imported by 
"resources/js/pages/admin/products/Form.tsx".[31m
file: [36mD:/C/SCREEN PRINTING 
DASHBOARD/resources/js/pages/admin/products/Form.tsx:10:9[31m
[33m
 8: import { Switch } from '@/components/ui/switch';
 9: import { Tabs, TabsContent, TabsList, TabsTrigger } from 
'@/components/ui/tabs';
10: import { IconSave, IconPlus, IconTrash } from 
'@tabler/icons-react';
             ^
11: import { Table, TableBody, TableCell, TableHead, TableHeader, 
TableRow } from '@/components/ui/table';
12: import { toast } from 'sonner';
[31m
    at getRollupError (file:///D:/C/SCREEN%20PRINTING%20DASHBOARD/n
ode_modules/rollup/dist/es/shared/parseAst.js:402:41)
    at error (file:///D:/C/SCREEN%20PRINTING%20DASHBOARD/node_modul
es/rollup/dist/es/shared/parseAst.js:398:42)
    at Module.error (file:///D:/C/SCREEN%20PRINTING%20DASHBOARD/nod
e_modules/rollup/dist/es/shared/node-entry.js:17040:16)
    at Module.traceVariable (file:///D:/C/SCREEN%20PRINTING%20DASHB
OARD/node_modules/rollup/dist/es/shared/node-entry.js:17452:29)
    at ModuleScope.findVariable (file:///D:/C/SCREEN%20PRINTING%20D
ASHBOARD/node_modules/rollup/dist/es/shared/node-entry.js:15070:39)
    at FunctionScope.findVariable (file:///D:/C/SCREEN%20PRINTING%2
0DASHBOARD/node_modules/rollup/dist/es/shared/node-entry.js:5673:38
)
    at FunctionBodyScope.findVariable (file:///D:/C/SCREEN%20PRINTI
NG%20DASHBOARD/node_modules/rollup/dist/es/shared/node-entry.js:567
3:38)
    at TrackingScope.findVariable (file:///D:/C/SCREEN%20PRINTING%2
0DASHBOARD/node_modules/rollup/dist/es/shared/node-entry.js:5673:38
)
    at BlockScope.findVariable (file:///D:/C/SCREEN%20PRINTING%20DA
SHBOARD/node_modules/rollup/dist/es/shared/node-entry.js:5673:38)
    at Identifier.bind (file:///D:/C/SCREEN%20PRINTING%20DASHBOARD/
node_modules/rollup/dist/es/shared/node-entry.js:5447:40)
    at CallExpression.bind (file:///D:/C/SCREEN%20PRINTING%20DASHBO
ARD/node_modules/rollup/dist/es/shared/node-entry.js:2825:28)
    at CallExpression.bind (file:///D:/C/SCREEN%20PRINTING%20DASHBO
ARD/node_modules/rollup/dist/es/shared/node-entry.js:12179:15)
    at AssignmentExpression.bind (file:///D:/C/SCREEN%20PRINTING%20
DASHBOARD/node_modules/rollup/dist/es/shared/node-entry.js:2829:23)
    at ExpressionStatement.bind (file:///D:/C/SCREEN%20PRINTING%20D
ASHBOARD/node_modules/rollup/dist/es/shared/node-entry.js:2829:23)
    at BlockStatement.bind (file:///D:/C/SCREEN%20PRINTING%20DASHBO
ARD/node_modules/rollup/dist/es/shared/node-entry.js:2825:28)
    at IfStatement.bind (file:///D:/C/SCREEN%20PRINTING%20DASHBOARD
/node_modules/rollup/dist/es/shared/node-entry.js:2829:23)
    at BlockStatement.bind (file:///D:/C/SCREEN%20PRINTING%20DASHBO
ARD/node_modules/rollup/dist/es/shared/node-entry.js:2825:28)
    at FunctionDeclaration.bind (file:///D:/C/SCREEN%20PRINTING%20D
ASHBOARD/node_modules/rollup/dist/es/shared/node-entry.js:2829:23)
    at ExportDefaultDeclaration.bind (file:///D:/C/SCREEN%20PRINTIN
G%20DASHBOARD/node_modules/rollup/dist/es/shared/node-entry.js:2829
:23)
    at ExportDefaultDeclaration.bind (file:///D:/C/SCREEN%20PRINTIN
G%20DASHBOARD/node_modules/rollup/dist/es/shared/node-entry.js:6939
:15)
    at Program.bind (file:///D:/C/SCREEN%20PRINTING%20DASHBOARD/nod
e_modules/rollup/dist/es/shared/node-entry.js:2825:28)
    at Module.bindReferences (file:///D:/C/SCREEN%20PRINTING%20DASH
BOARD/node_modules/rollup/dist/es/shared/node-entry.js:17019:18)
    at Graph.sortAndBindModules (file:///D:/C/SCREEN%20PRINTING%20D
ASHBOARD/node_modules/rollup/dist/es/shared/node-entry.js:22866:20)
    at Graph.build (file:///D:/C/SCREEN%20PRINTING%20DASHBOARD/node
_modules/rollup/dist/es/shared/node-entry.js:22764:14)
    at async file:///D:/C/SCREEN%20PRINTING%20DASHBOARD/node_module
s/rollup/dist/es/shared/node-entry.js:23455:13
    at async catchUnfinishedHookActions (file:///D:/C/SCREEN%20PRIN
TING%20DASHBOARD/node_modules/rollup/dist/es/shared/node-entry.js:2
2925:16)
    at async rollupInternal (file:///D:/C/SCREEN%20PRINTING%20DASHB
OARD/node_modules/rollup/dist/es/shared/node-entry.js:23450:5)
    at async buildEnvironment (file:///D:/C/SCREEN%20PRINTING%20DAS
HBOARD/node_modules/vite/dist/node/chunks/config.js:33541:12)
    at async Object.build (file:///D:/C/SCREEN%20PRINTING%20DASHBOA
RD/node_modules/vite/dist/node/chunks/config.js:33900:19)
    at async Object.buildApp (file:///D:/C/SCREEN%20PRINTING%20DASH
BOARD/node_modules/vite/dist/node/chunks/config.js:33897:153)
    at async CAC.<anonymous> (file:///D:/C/SCREEN%20PRINTING%20DASH
BOARD/node_modules/vite/dist/node/cli.js:629:3)[39m
